// Jest Snapshot v1, https://goo.gl/fbAQLP

exports[`<SubTitle /> should render without errors 1`] = `
<DocumentFragment>
  <h2
    class="MuiTypography-root MuiTypography-h2 MuiTypography-colorPrimary"
  >
    Title test
  </h2>
</DocumentFragment>
`;
