// Jest Snapshot v1, https://goo.gl/fbAQLP

exports[`<MaterialProvider /> should render without errors 1`] = `<DocumentFragment />`;
